// Jest Snapshot v1, https://goo.gl/fbAQLP

exports[`renders correctly 1`] = `
<View
  accessible={true}
  focusable={true}
  isTVSelectable={true}
  onClick={[Function]}
  onResponderGrant={[Function]}
  onResponderMove={[Function]}
  onResponderRelease={[Function]}
  onResponderTerminate={[Function]}
  onResponderTerminationRequest={[Function]}
  onStartShouldSetResponder={[Function]}
  style={
    Object {
      "backgroundColor": "white",
      "opacity": 1,
    }
  }
>
  <Text
    style={
      Array [
        Object {
          "fontSize": 20,
        },
        Object {
          "fontSize": 10,
        },
      ]
    }
  >
    Button
  </Text>
</View>
`;
