// Jest Snapshot v1, https://goo.gl/fbAQLP

exports[`ComposeHeader component should match snapshot 1`] = `
<View
  collapsable={true}
  pointerEvents="box-none"
  style={
    Object {
      "flex": 1,
    }
  }
>
  <View
    style={
      Object {
        "height": 60,
        "width": "100%",
      }
    }
  >
    <View
      style={
        Object {
          "alignItems": "center",
          "flexDirection": "row",
        }
      }
    >
      <Text
        style={
          Array [
            Object {
              "fontFamily": "Poppins-Medium",
            },
            Object {
              "flex": 1,
              "fontSize": 14,
              "marginTop": 8,
            },
          ]
        }
      >
        To
        : 
        Team A
      </Text>
      <Text
        style={
          Array [
            Object {
              "fontFamily": "Poppins-Medium-Italic",
            },
            Object {
              "color": "#9A9A9A",
              "marginTop": 8,
              "paddingRight": 16,
            },
          ]
        }
      >
        autosaved
      </Text>
      <TouchableOpacity
        activeOpacity={0.7}
        style={
          Array [
            Object {
              "alignItems": "center",
              "backgroundColor": "#FF7171",
              "borderRadius": 16,
              "flexDirection": "row",
              "justifyContent": "center",
              "marginVertical": 5,
              "paddingHorizontal": 14,
            },
            Object {},
            Object {
              "height": 35,
              "width": 130,
            },
            Object {},
            Object {
              "elevation": 4,
              "shadowColor": "#000",
              "shadowOffset": Object {
                "height": 5,
                "width": 0,
              },
              "shadowOpacity": 0.22,
            },
          ]
        }
        testID="clickable"
      >
        <Text
          style={
            Object {
              "color": "white",
              "fontFamily": "Poppins-Bold",
              "fontSize": 14,
              "opacity": 0,
              "position": "absolute",
            }
          }
        >
          Collapse
        </Text>
        <Text
          style={
            Object {
              "color": "white",
              "fontFamily": "Poppins-Bold",
              "fontSize": 14,
              "opacity": 1,
              "position": "absolute",
            }
          }
        >
          Need Ideas?
        </Text>
      </TouchableOpacity>
    </View>
  </View>
</View>
`;
