// Jest Snapshot v1, https://goo.gl/fbAQLP

exports[`ComposeHeader component should match snapshot 1`] = `
<View
  collapsable={true}
  pointerEvents="box-none"
  style={
    Object {
      "flex": 1,
    }
  }
>
  <View
    style={
      Object {
        "height": 60,
        "width": "100%",
      }
    }
  >
    <View
      style={
        Object {
          "alignItems": "center",
          "flexDirection": "row",
        }
      }
    >
      <Text
        style={
          Array [
            Object {
              "fontFamily": "System",
              "fontWeight": "600",
            },
            Object {
              "flex": 1,
              "fontSize": 18,
            },
          ]
        }
      >
        To: 
        Team A
      </Text>
      <TouchableOpacity
        activeOpacity={0.7}
        style={
          Array [
            Object {
              "alignItems": "center",
              "backgroundColor": "#3490dc",
              "borderRadius": 4,
              "flexDirection": "row",
              "justifyContent": "center",
              "marginVertical": 5,
            },
            Object {},
            Object {},
            Object {},
          ]
        }
        testID="clickable"
      >
        <Text
          style={
            Array [
              Object {
                "color": "white",
                "fontSize": 20,
                "fontWeight": "700",
                "padding": 6,
              },
              Object {},
              Object {},
              Object {},
            ]
          }
        >
          Feeling Stuck?
        </Text>
      </TouchableOpacity>
    </View>
  </View>
</View>
`;
