// Jest Snapshot v1, https://goo.gl/fbAQLP

exports[`Letter Tracker component should match snapshot 1`] = `
<View
  collapsable={true}
  pointerEvents="box-none"
  style={
    Object {
      "flex": 1,
    }
  }
>
  <View>
    <View
      style={
        Object {
          "flexDirection": "row",
          "paddingBottom": 16,
        }
      }
    >
      <View
        style={
          Object {
            "backgroundColor": "#F0FAF3",
            "borderRadius": 50,
            "height": 28,
            "marginLeft": 4,
            "marginRight": 24,
            "width": 28,
          }
        }
        testID="trackerCircle"
      />
      <View
        style={
          Object {
            "flexDirection": "column",
          }
        }
      >
        <Text
          style={
            Array [
              Object {
                "fontFamily": "Poppins-Bold",
              },
              Object {
                "color": "#282828",
                "fontSize": 16,
                "paddingBottom": 6,
              },
            ]
          }
        >
          Mailed
        </Text>
        <Text
          style={
            Array [
              Object {
                "fontFamily": "Poppins-Bold",
              },
              Object {
                "color": "#393939",
                "fontSize": 14,
                "paddingBottom": 4,
              },
            ]
          }
        >
          Zipcode
        </Text>
      </View>
      <View
        style={
          Object {
            "alignItems": "flex-end",
            "flexDirection": "column",
            "marginLeft": "auto",
          }
        }
      >
        <Text
          style={
            Array [
              Object {
                "fontFamily": "Poppins-Regular",
              },
              Object {
                "color": "#393939",
                "fontSize": 14,
                "paddingBottom": 8,
              },
            ]
          }
          testID="dateFormatted"
        >
          Jul 12
        </Text>
        <Text
          style={
            Array [
              Object {
                "fontFamily": "Poppins-Regular",
              },
              Object {
                "color": "#393939",
                "fontSize": 14,
                "paddingBottom": 4,
              },
            ]
          }
        >
          Jul 12
        </Text>
      </View>
    </View>
  </View>
</View>
`;
