// Jest Snapshot v1, https://goo.gl/fbAQLP

exports[`PicUpload component should render 1`] = `
<TouchableOpacity
  activeOpacity={0.2}
  onPress={[Function]}
  style={
    Object {
      "backgroundColor": "#3490dc",
      "borderRadius": 50,
      "height": 100,
      "overflow": "hidden",
      "width": 100,
    }
  }
/>
`;
