// Jest Snapshot v1, https://goo.gl/fbAQLP

exports[`ProfilePic component should match snapshot 1`] = `
<View
  collapsable={true}
  pointerEvents="box-none"
  style={
    Object {
      "flex": 1,
    }
  }
>
  <TouchableOpacity
    activeOpacity={0.2}
    style={
      Object {
        "flex": 1,
      }
    }
    testID="profilePicture"
  >
    <Text
      style={
        Array [
          Object {
            "fontFamily": "Poppins-Regular",
          },
          Object {
            "color": "white",
            "fontSize": 22,
            "fontWeight": "500",
          },
        ]
      }
    >
      TA
    </Text>
  </TouchableOpacity>
</View>
`;
