// Jest Snapshot v1, https://goo.gl/fbAQLP

exports[`ProfilePic component should match snapshot 1`] = `
<View
  collapsable={true}
  pointerEvents="box-none"
  style={
    Object {
      "flex": 1,
    }
  }
>
  <View
    pointerEvents="auto"
    style={
      Object {
        "flex": 1,
      }
    }
  >
    <
      style={
        Object {
          "flex": 1,
        }
      }
      testID="profilePicture"
    >
      <Text
        style={
          Array [
            Object {
              "fontFamily": "Poppins-Regular",
            },
            Object {
              "color": "#6D6D6D",
              "fontSize": 20,
              "fontWeight": "500",
            },
          ]
        }
      >
        TA
      </Text>
    </>
  </View>
</View>
`;
