// Jest Snapshot v1, https://goo.gl/fbAQLP

exports[`ProfilePic component should match snapshot 1`] = `
<View
  collapsable={true}
  pointerEvents="box-none"
  style={
    Object {
      "flex": 1,
    }
  }
>
  <TouchableOpacity
    activeOpacity={0.2}
    style={
      Array [
        Object {
          "alignItems": "center",
          "backgroundColor": "#f6993f",
          "borderRadius": 40,
          "height": 80,
          "justifyContent": "center",
          "overflow": "hidden",
          "width": 80,
        },
      ]
    }
  >
    <Text
      style={
        Object {
          "color": "white",
          "fontSize": 22,
          "fontWeight": "500",
        }
      }
    >
      
    </Text>
  </TouchableOpacity>
</View>
`;
