// Jest Snapshot v1, https://goo.gl/fbAQLP

exports[`Facility Directory Screen should match snapshot 1`] = `
<View
  collapsable={true}
  pointerEvents="box-none"
  style={
    Object {
      "flex": 1,
    }
  }
>
  <TouchableOpacity
    activeOpacity={1}
    style={
      Object {
        "backgroundColor": "white",
        "flex": 1,
        "paddingHorizontal": 10,
        "paddingTop": 60,
      }
    }
  >
    <View
      style={
        Object {
          "alignItems": "center",
          "flexDirection": "row",
        }
      }
    >
      <View
        style={
          Object {
            "backgroundColor": "#3490dc",
            "borderBottomRightRadius": 5,
            "borderTopRightRadius": 5,
            "height": 10,
            "marginRight": 10,
            "width": 20,
          }
        }
      />
      <Text
        style={
          Object {
            "fontFamily": "Poppins-Bold",
            "fontSize": 30,
          }
        }
      >
        Facility Directory
      </Text>
    </View>
    <View
      pointerEvents="auto"
      style={
        Object {
          "backgroundColor": "#F2F2F2",
          "borderRadius": 8,
          "height": 50,
          "marginBottom": 10,
          "marginTop": 20,
          "overflow": "hidden",
          "width": "100%",
        }
      }
      testID="parent"
    >
      <View
        testID="valid"
      />
      <View
        testID="unfocused"
      />
      <ScrollView
        keyboardShouldPersistTaps="always"
        scrollEnabled={false}
        style={
          Array [
            Object {
              "flex": 1,
              "width": "100%",
            },
            Object {},
          ]
        }
      >
        <TextInput
          allowFontScaling={true}
          multiline={false}
          numberOfLines={1}
          placeholder=""
          rejectResponderTermination={true}
          secureTextEntry={false}
          style={
            Array [
              Object {
                "borderColor": "rgba(0,0,0,0)",
                "borderRadius": 8,
                "borderWidth": 2,
                "color": "#9A9A9A",
                "flex": 1,
                "fontSize": 16,
                "padding": 10,
                "width": "100%",
              },
              Object {},
              Object {},
              Object {
                "height": 50,
              },
              Object {
                "borderRadius": 20,
                "padding": 10,
              },
            ]
          }
          underlineColorAndroid="transparent"
          value=""
        />
        <View />
        <View />
        <View
          style={
            Object {
              "height": 0,
              "width": "100%",
              "zIndex": 5,
            }
          }
        >
          <View />
        </View>
      </ScrollView>
    </View>
    <ScrollView
      contentContainerStyle={
        Object {
          "alignItems": "center",
          "flex": 1,
          "paddingTop": 10,
          "width": "100%",
        }
      }
      data={
        Array [
          Object {
            "address": "P.O. Box 400",
            "city": "Bethel",
            "name": "Yukon Kskokwim Correctional Center",
            "postal": "99559",
            "state": "AK",
            "type": "State Prison",
          },
        ]
      }
      disableVirtualization={false}
      horizontal={false}
      initialNumToRender={10}
      maxToRenderPerBatch={10}
      numColumns={1}
      onEndReachedThreshold={2}
      removeClippedSubviews={false}
      scrollEventThrottle={50}
      stickyHeaderIndices={Array []}
      updateCellsBatchingPeriod={50}
      viewabilityConfigCallbackPairs={Array []}
      windowSize={21}
    >
      <View
        style={null}
      >
        <TouchableOpacity
          activeOpacity={0.2}
          style={
            Array [
              Object {
                "elevation": 4,
                "shadowColor": "#000",
                "shadowOffset": Object {
                  "height": 2,
                  "width": 0,
                },
                "shadowOpacity": 0.23,
                "shadowRadius": 2.62,
              },
              Object {
                "backgroundColor": "white",
                "borderRadius": 30,
                "marginBottom": 10,
                "paddingHorizontal": 30,
                "paddingVertical": 10,
                "width": 675,
              },
              Object {},
            ]
          }
        >
          <Text
            style={
              Array [
                Object {
                  "fontFamily": "Poppins-Bold",
                },
                Object {
                  "fontSize": 16,
                },
              ]
            }
          >
            Yukon Kskokwim Correctional Center
          </Text>
          <Text
            style={
              Array [
                Object {
                  "fontFamily": "Poppins-Regular-Italic",
                },
                Object {
                  "color": "#6E757C",
                },
              ]
            }
          >
            State Prison
          </Text>
          <Text
            style={
              Array [
                Object {
                  "fontFamily": "Poppins-Regular-Italic",
                },
                Object {
                  "color": "#6E757C",
                },
              ]
            }
          >
            P.O. Box 400
             -
            Bethel
            ,
            AK
             
            99559
          </Text>
        </TouchableOpacity>
      </View>
      <View>
        <View
          style={
            Object {
              "marginTop": 20,
            }
          }
        >
          <View />
          <Text
            style={
              Array [
                Object {
                  "fontFamily": "Poppins-Regular",
                },
                Object {
                  "marginBottom": 20,
                },
              ]
            }
          >
            Don't see the facility you're looking for?
          </Text>
          <TouchableOpacity
            activeOpacity={0.7}
            style={
              Array [
                Object {
                  "alignItems": "center",
                  "backgroundColor": "#3490dc",
                  "borderRadius": 4,
                  "flexDirection": "row",
                  "justifyContent": "center",
                  "marginVertical": 5,
                },
                Object {},
                Object {},
                Object {},
              ]
            }
            testID="clickable"
          >
            <Text
              style={
                Array [
                  Object {
                    "color": "white",
                    "fontSize": 20,
                    "fontWeight": "700",
                    "padding": 6,
                  },
                  Object {},
                  Object {},
                  Object {},
                ]
              }
            >
              Add Manually
            </Text>
          </TouchableOpacity>
        </View>
      </View>
    </ScrollView>
    <View
      style={
        Object {
          "alignSelf": "center",
          "flexDirection": "row",
          "marginBottom": 15,
          "marginTop": 0,
          "width": 712.5,
        }
      }
    >
      <TouchableOpacity
        activeOpacity={0.7}
        style={
          Array [
            Object {
              "alignItems": "center",
              "backgroundColor": "white",
              "borderColor": "#3490dc",
              "borderRadius": 4,
              "borderWidth": 1,
              "flexDirection": "row",
              "justifyContent": "center",
              "marginVertical": 5,
            },
            Object {},
            Object {
              "flex": 1,
              "margin": 10,
            },
            Object {},
          ]
        }
        testID="clickable"
      >
        <Text
          style={
            Array [
              Object {
                "color": "#3490dc",
                "fontSize": 20,
                "fontWeight": "700",
                "padding": 6,
              },
              Object {},
              Object {},
              Object {},
            ]
          }
        >
          Back
        </Text>
      </TouchableOpacity>
      <TouchableOpacity
        activeOpacity={1}
        style={
          Array [
            Object {
              "alignItems": "center",
              "backgroundColor": "#3490dc",
              "borderRadius": 4,
              "flexDirection": "row",
              "justifyContent": "center",
              "marginVertical": 5,
            },
            Object {
              "alignItems": "center",
              "backgroundColor": "grey",
              "borderRadius": 4,
              "flexDirection": "row",
              "justifyContent": "center",
              "marginVertical": 5,
            },
            Object {
              "flex": 1,
              "margin": 10,
            },
            Object {},
          ]
        }
        testID="clickable"
      >
        <Text
          style={
            Array [
              Object {
                "color": "white",
                "fontSize": 20,
                "fontWeight": "700",
                "padding": 6,
              },
              Object {
                "color": "white",
                "fontSize": 20,
                "fontWeight": "700",
                "padding": 6,
              },
              Object {},
              Object {},
            ]
          }
        >
          Next
        </Text>
      </TouchableOpacity>
    </View>
  </TouchableOpacity>
</View>
`;
