// Jest Snapshot v1, https://goo.gl/fbAQLP

exports[`Support FAQ Detail screen should match snapshot 1`] = `
<View
  collapsable={true}
  pointerEvents="box-none"
  style={
    Object {
      "flex": 1,
    }
  }
>
  <View
    style={
      Object {
        "alignItems": "center",
        "backgroundColor": "white",
        "flex": 1,
        "flexDirection": "column",
        "padding": 16,
      }
    }
  >
    <Text
      style={
        Array [
          Object {
            "fontFamily": "Poppins-Bold",
          },
          Object {
            "color": "#282828",
            "fontSize": 20,
            "paddingBottom": 20,
            "paddingTop": 20,
          },
        ]
      }
    >
      Talk to someone at Ameelio.
    </Text>
    <Text
      style={
        Object {
          "color": "#282828",
          "fontSize": 16,
          "paddingBottom": 30,
          "paddingTop": 20,
          "textAlign": "center",
          "width": "90%",
        }
      }
    >
      We’re happy to talk and we’d be more than glad to help however we can!
    </Text>
    <View
      style={
        Object {
          "width": "100%",
        }
      }
      testID="callToActionButton"
    >
      <TouchableOpacity
        activeOpacity={0.7}
        style={
          Array [
            Object {
              "alignItems": "center",
              "backgroundColor": "#FF7171",
              "borderRadius": 16,
              "flexDirection": "row",
              "justifyContent": "center",
              "marginVertical": 5,
              "paddingHorizontal": 14,
            },
            Object {},
            Object {
              "backgroundColor": "#FC7272",
              "borderRadius": 15,
              "height": 50,
              "width": "100%",
            },
            Object {},
            Object {
              "elevation": 4,
              "shadowColor": "#000",
              "shadowOffset": Object {
                "height": 5,
                "width": 0,
              },
              "shadowOpacity": 0.22,
            },
          ]
        }
        testID="clickable"
      >
        <Text
          style={
            Array [
              Object {
                "fontFamily": "Poppins-Medium",
              },
              Object {
                "color": "white",
                "fontSize": 20,
                "fontWeight": "700",
                "padding": 6,
              },
              Object {},
              Object {
                "fontSize": 18,
              },
              Object {},
              Object {
                "opacity": 1,
              },
            ]
          }
        >
          Reach out to support
        </Text>
      </TouchableOpacity>
    </View>
  </View>
</View>
`;
