// Jest Snapshot v1, https://goo.gl/fbAQLP

exports[`Support FAQ Detail screen should match snapshot 1`] = `
<View
  collapsable={true}
  pointerEvents="box-none"
  style={
    Object {
      "flex": 1,
    }
  }
>
  <View
    style={
      Object {
        "alignItems": "center",
        "backgroundColor": "white",
        "flex": 1,
        "flexDirection": "column",
        "padding": 16,
      }
    }
  >
    <Text
      style={
        Array [
          Object {
            "fontFamily": "Poppins-Bold",
          },
          Object {
            "color": "#282828",
            "fontSize": 20,
            "paddingBottom": 20,
            "paddingTop": 20,
          },
        ]
      }
    >
      Talk to someone at Ameelio.
    </Text>
    <Text
      style={
        Object {
          "color": "#282828",
          "fontSize": 16,
          "paddingBottom": 30,
          "paddingTop": 20,
          "textAlign": "center",
          "width": "90%",
        }
      }
    >
      
    </Text>
    <View
      style={
        Object {
          "width": "100%",
        }
      }
      testID="callToActionButton"
    />
  </View>
</View>
`;
