// Jest Snapshot v1, https://goo.gl/fbAQLP

exports[`Terms of Service screen should match snapshot 1`] = `
<View
  collapsable={true}
  pointerEvents="box-none"
  style={
    Object {
      "flex": 1,
    }
  }
>
  <View
    style={
      Object {
        "backgroundColor": "white",
        "flex": 1,
        "justifyContent": "center",
        "padding": 16,
      }
    }
  >
    <Text>
      Introduction. To assist you in using our Services, and to ensure a clear understanding of the relationship from your use of the Services, we have created these Terms of Services (the “Terms”). The Terms constitute a binding agreement between you and Ameelio. The Terms govern your use of the Services and any other services offered as part of the Ameelio platform. The Terms also governs any information, text, graphics, photos, recordings, or other materials uploaded, downloaded, or appearing on the Services (collectively referred to as “Content”).
    </Text>
  </View>
</View>
`;
