// Jest Snapshot v1, https://goo.gl/fbAQLP

exports[`MemoryLanePhotoCard component should match snapshot 1`] = `
<View
  collapsable={true}
  pointerEvents="box-none"
  style={
    Object {
      "flex": 1,
    }
  }
>
  <TouchableOpacity
    activeOpacity={0.2}
    style={
      Array [
        Object {
          "backgroundColor": "white",
          "borderRadius": 6,
          "marginVertical": 6,
          "padding": 15,
          "width": "100%",
        },
        Object {
          "borderRadius": 6,
          "height": 210,
          "padding": 0,
        },
        Object {
          "elevation": 4,
          "shadowColor": "#000",
          "shadowOffset": Object {
            "height": 4,
            "width": 0,
          },
          "shadowOpacity": 0.2,
          "shadowRadius": 2.62,
        },
        undefined,
      ]
    }
    testID="memoryLanePostcardCard"
  >
    <View
      accessibilityIgnoresInvertColors={true}
      style={
        Object {
          "borderRadius": 6,
          "height": "100%",
          "resizeMode": "cover",
          "width": "100%",
        }
      }
    >
      <Image
        source={
          Object {
            "uri": "test",
          }
        }
        style={
          Array [
            Object {
              "bottom": 0,
              "left": 0,
              "position": "absolute",
              "right": 0,
              "top": 0,
            },
            Object {
              "height": "100%",
              "width": "100%",
            },
            Object {
              "borderRadius": 6,
            },
          ]
        }
        testID="memoryLanePostcardImage"
      />
      <View
        style={
          Array [
            Object {
              "paddingHorizontal": 8,
            },
            Object {
              "backgroundColor": "rgba(0,0,0, 0.30)",
              "borderRadius": 6,
              "flex": 1,
            },
          ]
        }
      >
        <Text
          style={
            Array [
              Object {
                "color": "white",
                "fontSize": 16,
                "marginBottom": 8,
                "marginTop": "auto",
              },
              Object {
                "fontFamily": "Poppins-Bold",
              },
            ]
          }
        >
          July 12
        </Text>
      </View>
    </View>
  </TouchableOpacity>
</View>
`;
